

# File nac0000.edf
# Processed on Wed Nov 22 19:05:01 2006
# Spatial correction from /data/opid11/inhouse/Frelon2K/spatial2k.spline
# SPLINE X-PIXEL-SIZE 46.77648
# SPLINE Y-PIXEL-SIZE 48.0815
# HeaderID = EH:000001:000000:000000
# Rx = 0
# gz = 0.58
# gy = 0.06
# hb = 0.576429
# prefix = nac
# y1 = 0.0229611
# y3 = 30
# y2 = -27.6001
# oldcoz = -117.127
# title = ESPIA FRELON Image
# samchi = 0
# lchi = 0
# slity = 7.6
# row_end = 2047
# risf = 0.45
# count_time = Na
# risd = -0.7645
# risb = 0.35
# Ry = 0
# risu = 0.9645
# Omega = -184.95
# detx = 20
# detz = 5.7
# risvg = 0.2
# samomev = -4
# risvo = 0.8645
# DATE (scan begin) = Wed Nov 01 14:47:12 2006
# s9b = 0.282
# samome = 5.02882
# s9f = 0.518
# s9d = 0.15
# xprime = -2.4645
# zb = 15.22
# hth = 0
# samphi = 0
# pico1 = 0
# s9u = 0.15
# mirror = -98
# slitz2 = -8.22
# slitz1 = -8.22003
# what = 3.18764e-05
# yprime = -1.3279
# blx = 0
# col_beg = 0
# vscanx = 0
# run = 0
# lpitch = 178.525
# shny = -1.532
# shnx = 0.4405
# auzb = 9.516
# fome = 273.6
# lex = 1.5
# z1 = -1.11111e-06
# scamf = 0.02
# row_beg = 0
# lome = 0
# point_no = 0
# Image = 1
# hbf = 0.31875
# hbb = 0.1925
# dir = /data/opid11/inhouse/totalcryst/Nov06/nac
# u22 = 27.9944
# bsome = -1.36581e-10
# lth = -3.22648
# gpitch = 0
# suffix = .edf
# hvo = -0.0157142
# zm = 10.5
# row_bin = 1
# hvg = 0.0999973
# s9vg = 0.3
# rows = 2048
# rishg = 0.8
# s9vo = 0
# risho = 0.05
# hy = 21
# Fz2 = 0
# Fz1 = 0
# hu = 0.0342844
# oldsamo = 60.5225
# x2 = 900
# x3 = 3790.03
# x1 = -397.726
# hf = 0.922857
# hd = 0.0657129
# bsphi = -2.22541e-07
# OmegaStep = 0.1
# col_end = 2047
# bigsamo = 1.0527
# gyaw = 0
# Size = 8388608
# wedge = -7.74269e-07
# col_bin = 1
# Integration = 1
# preci = 0
# hhg = 1.49929
# bs2z = -10
# bs2y = 5
# hho = 0.173214
# shutz = 0
# shuty = 0
# samz = -8.1589
# samy = -0.1
# samx = -10.263
# quanx = -29.5
# Dim_2 = 2048
# Dim_1 = 2048
# bsy = 0
# bsz = -0.05
# not_c2t = 269488
# slitth = 2.8325
# u23 = 28.0292
# preset = Na
# cryo_ox = 290
# ByteOrder = LowByteFirst
# dpap2sa = 11.11
# Ring Current = 199.829
# lead = 3
# DataType = UnsignedShort
# columns = 2048
# time_of_day = 1162388832.637843
# s9ho = 0.118
# time = Wed Nov  1 14:47:12 2006
# s9hg = 0.8

#Threshold level 500.000000
# Number_of_pixels Average_counts    x   y     xc   yc      sig_x sig_y cov_xy
37  1361.702703    606.812734 504.483080    596.007679 495.274882    1.425412 1.331647 0.039284
90  2185.955556    814.926953 679.170162    811.077220 674.263464    1.859004 1.899833 0.003032
6  682.000000    837.806940 1665.847263    831.619912 1661.944843    0.639503 0.647112 0.252946
67  2036.104478    950.716051 699.093176    949.895070 694.515166    1.672202 1.707099 -0.000259
30  1298.600000    1109.673931 662.086144    1111.689560 656.571748    1.241026 1.274132 0.011758
10  815.100000    1116.971292 1771.236167    1107.150809 1760.448435    0.729295 0.897958 0.015973
2  746.000000    1299.000000 1596.498660    1291.456633 1589.581221    0.000000 0.499998 0.000000
117  2658.871795    1385.271479 1434.641127    1380.493591 1431.161712    2.024933 2.106264 0.035305
2  659.000000    1450.502276 1243.000000    1448.861839 1242.000841    0.499995 0.000000 0.000000
12  717.666667    1722.529610 1905.680910    1699.666895 1879.631299    0.887117 0.954926 0.258429
28  1047.000000    1906.717697 123.981853    1905.566851 110.127981    1.356946 1.249346 -0.133446

#Threshold level 200.000000
# Number_of_pixels Average_counts    x   y     xc   yc      sig_x sig_y cov_xy
4  245.500000    149.519348 740.551935    134.553547 737.031374    0.499626 0.497295 -0.006094
78  813.153846    606.818907 504.507268    596.014348 495.299730    1.776884 1.853600 0.023449
162  1350.475309    814.931117 679.174036    811.081505 674.267426    2.215543 2.309528 -0.005105
22  403.909091    837.808125 1665.747580    831.622297 1661.847922    1.071381 1.211154 0.010808
133  1186.263158    950.707314 699.121573    949.886271 694.544233    2.081412 2.168033 0.010628
1  207.000000    1046.000000 1857.000000    1035.047994 1843.714362    0.000000 0.000000 0.000000
69  740.898551    1109.737960 662.079809    1111.754638 656.565273    1.686919 1.758782 -0.020576
32  462.906250    1116.916425 1771.192466    1107.097393 1760.407238    1.280868 1.381330 0.044232
6  337.333333    1167.483202 1431.975296    1163.864812 1430.557562    0.499718 0.746787 0.009480
4  332.000000    1288.476657 791.540663    1292.385120 788.721015    0.499455 0.498344 0.002301
17  367.176471    1298.856456 1596.289330    1291.318992 1589.380259    1.006498 1.031036 0.056694
6  321.000000    1330.532191 1337.087747    1328.004609 1335.851154    0.498963 0.748890 -0.009644
218  1572.325688    1385.251182 1434.634591    1380.473599 1431.155515    2.423872 2.569323 0.034151
12  378.666667    1450.282350 1242.810739    1448.647143 1241.814836    0.893633 0.845352 -0.037923
2  249.500000    1499.000000 223.458918    1503.370052 208.652361    0.000000 0.498309 0.000000
7  281.142857    1521.249492 456.039126    1526.814620 446.664649    0.665840 0.707820 0.005163
7  280.714286    1621.335878 823.071756    1623.980973 820.858733    0.663985 0.712264 0.002842
33  456.303030    1722.452052 1905.507704    1699.596938 1879.468376    1.366980 1.406765 0.121942
69  608.449275    1906.742062 124.001262    1905.590555 110.147956    1.872173 1.797140 -0.076524


# File nac0001.edf
# Processed on Wed Nov 22 19:05:03 2006
# Spatial correction from /data/opid11/inhouse/Frelon2K/spatial2k.spline
# SPLINE X-PIXEL-SIZE 46.77648
# SPLINE Y-PIXEL-SIZE 48.0815
# HeaderID = EH:000001:000000:000000
# Rx = 0
# gz = 0.58
# gy = 0.06
# hb = 0.576429
# prefix = nac
# y1 = 0.0229611
# y3 = 30
# y2 = -27.6001
# oldcoz = -117.127
# title = ESPIA FRELON Image
# samchi = 0
# lchi = 0
# slity = 7.6
# row_end = 2047
# risf = 0.45
# count_time = Na
# risd = -0.7645
# risb = 0.35
# Ry = 0
# risu = 0.9645
# Omega = -184.85
# detx = 20
# detz = 5.7
# risvg = 0.2
# samomev = -4
# risvo = 0.8645
# DATE (scan begin) = Wed Nov 01 15:19:12 2006
# s9b = 0.282
# samome = 5.12882
# s9f = 0.518
# s9d = 0.15
# xprime = -2.4645
# zb = 15.22
# hth = 0
# samphi = 0
# pico1 = 0
# s9u = 0.15
# mirror = -98
# slitz2 = -8.22
# slitz1 = -8.22003
# what = 3.18764e-05
# yprime = -1.3279
# blx = 0
# col_beg = 0
# vscanx = 0
# run = 1
# lpitch = 178.525
# shny = -1.532
# shnx = 0.4405
# auzb = 9.516
# fome = 273.6
# lex = 1.5
# z1 = -1.11111e-06
# scamf = 0.02
# row_beg = 0
# lome = 0
# point_no = 0
# Image = 1
# hbf = 0.31875
# hbb = 0.1925
# dir = /data/opid11/inhouse/totalcryst/Nov06/nac
# u22 = 27.9944
# bsome = -1.36581e-10
# lth = -3.22648
# gpitch = 0
# suffix = .edf
# hvo = -0.0157142
# zm = 10.5
# row_bin = 1
# hvg = 0.0999973
# s9vg = 0.3
# rows = 2048
# rishg = 0.8
# s9vo = 0
# risho = 0.05
# hy = 21
# Fz2 = 0
# Fz1 = 0
# hu = 0.0342844
# oldsamo = 60.5225
# x2 = 900
# x3 = 3790.03
# x1 = -397.726
# hf = 0.922857
# hd = 0.0657129
# bsphi = -2.22541e-07
# OmegaStep = 0.1
# col_end = 2047
# bigsamo = 1.0527
# gyaw = 0
# Size = 8388608
# wedge = -7.74269e-07
# col_bin = 1
# Integration = 1
# preci = 0
# hhg = 1.49929
# bs2z = -10
# bs2y = 5
# hho = 0.173214
# shutz = 0
# shuty = 0
# samz = -8.1589
# samy = -0.1
# samx = -10.263
# quanx = -29.5
# Dim_2 = 2048
# Dim_1 = 2048
# bsy = 0
# bsz = -0.05
# not_c2t = 269488
# slitth = 2.8325
# u23 = 28.0292
# preset = Na
# cryo_ox = 290
# ByteOrder = LowByteFirst
# dpap2sa = 11.11
# Ring Current = 199.829
# lead = 3
# DataType = UnsignedShort
# columns = 2048
# time_of_day = 1162390752.764635
# s9ho = 0.118
# time = Wed Nov  1 15:19:12 2006
# s9hg = 0.8

#Threshold level 500.000000
# Number_of_pixels Average_counts    x   y     xc   yc      sig_x sig_y cov_xy
18  959.111111    213.419138 1556.095111    210.093254 1556.097787    0.998989 1.158536 -0.212416
8  761.875000    295.173093 1303.837900    289.085850 1305.990421    0.729816 0.725471 0.128295
214  4283.532710    632.384281 1129.292982    627.526172 1131.754996    2.414492 2.494607 -0.000704
38  1409.789474    761.491245 1208.820709    758.147481 1211.383500    1.355712 1.432736 0.025500
27  1133.222222    766.843253 167.544563    755.003446 149.086860    1.188734 1.295991 0.002667
9  813.666667    859.967363 894.114571    857.972609 893.603358    0.750001 0.739151 -0.010744
6  720.833333    953.490867 1776.091792    944.972351 1767.345565    0.499917 0.776022 0.008419
12  893.666667    1238.410015 1179.519582    1238.510727 1180.143892    0.837182 0.856600 -0.006320
119  2603.781513    1281.436869 1373.357799    1278.483059 1371.975512    2.030088 2.155749 0.027332
164  3402.987805    1393.562470 742.939327    1398.210556 739.291913    2.245289 2.323735 0.002450
71  1876.338028    1444.611012 1576.081835    1436.057588 1568.086225    1.778441 1.780657 0.071131
84  1974.976190    1614.953749 1227.029259    1611.547634 1225.144426    1.836721 1.907482 0.044323
61  1670.016393    1856.434078 462.829795    1857.133462 455.773894    1.729834 1.696152 -0.032214
71  1770.225352    1889.957959 1305.889463    1878.122411 1301.012472    1.812095 1.778810 0.061439

#Threshold level 200.000000
# Number_of_pixels Average_counts    x   y     xc   yc      sig_x sig_y cov_xy
50  551.520000    213.511097 1556.182623    210.185141 1556.184736    1.626815 1.597025 -0.047678
29  432.931034    295.497411 1303.710394    289.409106 1305.864686    1.303632 1.247634 -0.056778
361  2668.013850    632.380917 1129.285268    627.522740 1131.747239    2.758899 2.849551 -0.007049
82  827.402439    761.488496 1208.733385    758.144828 1211.296092    1.842833 1.868415 -0.016055
62  670.145161    766.819972 167.691762    754.982213 149.237484    1.652159 1.760459 0.009792
2  239.500000    821.000000 513.488518    815.814903 504.250276    0.000000 0.499868 0.000000
27  470.703704    859.939177 894.357148    857.944347 893.850021    1.130065 1.288806 0.073208
22  424.363636    953.501285 1776.063410    944.983182 1767.318087    1.105702 1.182585 0.014519
2  231.000000    1141.467532 1391.000000    1138.536166 1390.480691    0.498945 0.000000 0.000000
33  512.636364    1238.348702 1179.463144    1238.450081 1180.087891    1.286017 1.313268 0.049698
219  1557.817352    1281.420281 1373.316835    1278.467266 1371.935338    2.447549 2.590976 0.036388
288  2075.288194    1393.546367 742.961901    1398.194286 739.314881    2.645470 2.709118 -0.000741
141  1106.255319    1444.610359 1576.097883    1436.056556 1568.101757    2.180542 2.313716 0.059587
156  1207.435897    1614.975069 1227.005537    1611.569039 1225.120841    2.240846 2.348442 0.018807
130  949.284615    1856.404434 462.846249    1857.104639 455.790452    2.246336 2.194433 -0.036124
142  1039.894366    1889.907818 1305.871283    1878.074322 1300.994975    2.291264 2.246838 0.036984


